[2026-05-14T10:16:58Z] [INFO] Build ID: c25_master_1778753818_3094
[2026-05-14T10:16:58Z] [INFO] === CONSTELLATION25 MASTER BUILD ORCHESTRATOR ===
[2026-05-14T10:16:58Z] [INFO] === PHASE 1: SCRIPT DISCOVERY & COMPILATION ===
[2026-05-14T10:16:58Z] [INFO] Scanning for shell scripts...
[2026-05-14T10:16:58Z] [INFO] Compiled 303 lines into master script
[2026-05-14T10:16:58Z] [INFO] === PHASE 2: BUILD INTENT ANALYSIS ===
[2026-05-14T10:16:58Z] [INFO] Build intent analysis complete
[2026-05-14T10:16:58Z] [INFO] === PHASE 3: AGENT LAUNCH SEQUENCE ===
[2026-05-14T10:16:58Z] [INFO] === PHASE 4: EXECUTION ===
[2026-05-14T10:16:58Z] [INFO] Starting Phase 1...
[2026-05-14T10:16:58Z] [INFO] Phase 1 complete
[2026-05-14T10:16:58Z] [INFO] Starting Phase 2...
[2026-05-14T10:16:58Z] [INFO] Phase 2 complete
[2026-05-14T10:16:58Z] [INFO] Starting Phase 3...
[2026-05-14T10:16:58Z] [INFO] Phase 3 complete
[2026-05-14T10:16:58Z] [INFO] Starting Phase 4...
[2026-05-14T10:16:58Z] [INFO] Phase 4 complete
[2026-05-14T10:16:58Z] [INFO] Starting Phase 5...
[2026-05-14T10:16:58Z] [INFO] Phase 5 complete
[2026-05-14T10:16:58Z] [INFO] Starting Phase 6...
[2026-05-14T10:16:58Z] [INFO] Phase 6 complete
[2026-05-14T10:16:58Z] [INFO] Starting Phase 7...
[2026-05-14T10:16:58Z] [INFO] Phase 7 complete
[2026-05-14T10:16:58Z] [INFO] Starting Phase 8...
[2026-05-14T10:16:58Z] [INFO] Phase 8 complete
[2026-05-14T10:16:58Z] [INFO] === PHASE 5: VERIFICATION ===
[2026-05-14T10:16:58Z] [INFO] === BUILD COMPLETE ===
[2026-05-14T10:16:58Z] [INFO] All 199 repos processed by 25 agents
[2026-05-14T10:16:58Z] [INFO] Persistent end-to-end connectivity established
